---
source: tests/snapshots.rs
expression: output
---
success = true
stdout = '''
(3, 3)
'''
stderr = ''
