---
source: tests/snapshots.rs
expression: output
---
success = true
stdout = '''
ab0
'''
stderr = ''
