---
source: tests/snapshots.rs
expression: output
---
success = false
stdout = ''
stderr = '''
Error:   × interface Bar is not implemented for type Foo
   ╭─[impl_missing_impl.rice:8:3]
 7 │ fn main() { 
 8 │   (new Foo(0)).bloop(0); ()
   ·   ─────────────────────
 9 │ }
   ╰────

'''
