---
source: tests/snapshots.rs
expression: output
---
success = true
stdout = '''
22
9
'''
stderr = ''
