---
source: tests/snapshots.rs
expression: output
---
success = true
stdout = '''
40
'''
stderr = ''
