---
source: tests/snapshots.rs
expression: output
---
success = true
stdout = '''
20
5
10
'''
stderr = ''
