---
source: tests/snapshots.rs
assertion_line: 54
expression: output
---
success = true
stdout = '''
10
2
'''
stderr = ''
