---
source: tests/snapshots.rs
assertion_line: 54
expression: output
---
success = true
stdout = '''
6
ABC
10
20
30
'''
stderr = ''
