---
source: tests/snapshots.rs
expression: output
---
success = true
stdout = '''
42
Hello World
1
1
'''
stderr = ''
