---
source: tests/snapshots.rs
expression: output
---
success = true
stdout = '''
Hello World
Hi Hi Hi 
'''
stderr = ''
