---
source: tests/snapshots.rs
expression: output
---
success = true
stdout = '''
1
5
'''
stderr = ''
