---
source: tests/snapshots.rs
expression: output
---
success = true
stdout = '''
15
'''
stderr = ''
