---
source: tests/snapshots.rs
expression: output
---
success = true
stdout = '''
187
'''
stderr = ''
