---
source: tests/snapshots.rs
expression: output
---
success = true
stdout = '''
Bonjour le monde
'''
stderr = ''
