---
source: tests/snapshots.rs
expression: output
---
success = true
stdout = '''
2
'''
stderr = ''
