---
source: tests/snapshots.rs
assertion_line: 54
expression: output
---
success = true
stdout = '''
18
'''
stderr = ''
