---
source: tests/snapshots.rs
assertion_line: 54
expression: output
---
success = true
stdout = '''
1
4
3
3
'''
stderr = ''
