---
source: tests/snapshots.rs
assertion_line: 54
expression: output
---
success = true
stdout = '''
0
0
'''
stderr = ''
