---
source: tests/snapshots.rs
assertion_line: 54
expression: output
---
success = false
stdout = ''
stderr = '''
Error:   Ã— array index 2 out of bounds (length 2)

'''
