---
source: tests/snapshots.rs
expression: output
---
success = true
stdout = '''
Hello
'''
stderr = ''